// Jest Snapshot v1, https://goo.gl/fbAQLP

exports[`Test: <CounterApp /> 1) Debe hacer match con el snapshot 1`] = `
<div>
  <h2>
    CounterApp
  </h2>
  <h2>
    1
  </h2>
  <button>
    +1
  </button>
  <button>
    -1
  </button>
  <button
    aria-label="btn-reset"
  >
    Reset
  </button>
</div>
`;
