// Jest Snapshot v1, https://goo.gl/fbAQLP

exports[`Test: <FirstApp /> 1) Debe hacer match con el snapshot 1`] = `
<div>
  <h1
    data-testid="test-title"
  >
    Title - testing
  </h1>
  <h2>
    No subtitle
  </h2>
  <h2>
    No subtitle
  </h2>
  <h3>
    Joham
  </h3>
</div>
`;
